Archive member included to satisfy reference by file (symbol)

/opt/st/stm32cubeide_1.12.1/plugins/com.st.stm32cube.ide.mcu.externaltools.gnu-tools-for-stm32.10.3-2021.10.linux64_1.0.200.202301161003/tools/bin/../lib/gcc/arm-none-eabi/10.3.1/../../../../arm-none-eabi/lib/thumb/v7-m/nofp/libstdc++_nano.a(del_ops.o)
                              ./Core/Src/sbus.o (operator delete(void*, unsigned int))
/opt/st/stm32cubeide_1.12.1/plugins/com.st.stm32cube.ide.mcu.externaltools.gnu-tools-for-stm32.10.3-2021.10.linux64_1.0.200.202301161003/tools/bin/../lib/gcc/arm-none-eabi/10.3.1/../../../../arm-none-eabi/lib/thumb/v7-m/nofp/libstdc++_nano.a(del_op.o)
                              /opt/st/stm32cubeide_1.12.1/plugins/com.st.stm32cube.ide.mcu.externaltools.gnu-tools-for-stm32.10.3-2021.10.linux64_1.0.200.202301161003/tools/bin/../lib/gcc/arm-none-eabi/10.3.1/../../../../arm-none-eabi/lib/thumb/v7-m/nofp/libstdc++_nano.a(del_ops.o) (operator delete(void*))
/opt/st/stm32cubeide_1.12.1/plugins/com.st.stm32cube.ide.mcu.externaltools.gnu-tools-for-stm32.10.3-2021.10.linux64_1.0.200.202301161003/tools/bin/../lib/gcc/arm-none-eabi/10.3.1/../../../../arm-none-eabi/lib/thumb/v7-m/nofp/libc_nano.a(lib_a-errno.o)
                              ./Core/Src/syscalls.o (__errno)
/opt/st/stm32cubeide_1.12.1/plugins/com.st.stm32cube.ide.mcu.externaltools.gnu-tools-for-stm32.10.3-2021.10.linux64_1.0.200.202301161003/tools/bin/../lib/gcc/arm-none-eabi/10.3.1/../../../../arm-none-eabi/lib/thumb/v7-m/nofp/libc_nano.a(lib_a-exit.o)
                              /opt/st/stm32cubeide_1.12.1/plugins/com.st.stm32cube.ide.mcu.externaltools.gnu-tools-for-stm32.10.3-2021.10.linux64_1.0.200.202301161003/tools/bin/../lib/gcc/arm-none-eabi/10.3.1/../../../../arm-none-eabi/lib/thumb/v7-m/nofp/crt0.o (exit)
/opt/st/stm32cubeide_1.12.1/plugins/com.st.stm32cube.ide.mcu.externaltools.gnu-tools-for-stm32.10.3-2021.10.linux64_1.0.200.202301161003/tools/bin/../lib/gcc/arm-none-eabi/10.3.1/../../../../arm-none-eabi/lib/thumb/v7-m/nofp/libc_nano.a(lib_a-impure.o)
                              /opt/st/stm32cubeide_1.12.1/plugins/com.st.stm32cube.ide.mcu.externaltools.gnu-tools-for-stm32.10.3-2021.10.linux64_1.0.200.202301161003/tools/bin/../lib/gcc/arm-none-eabi/10.3.1/../../../../arm-none-eabi/lib/thumb/v7-m/nofp/libc_nano.a(lib_a-exit.o) (_global_impure_ptr)
/opt/st/stm32cubeide_1.12.1/plugins/com.st.stm32cube.ide.mcu.externaltools.gnu-tools-for-stm32.10.3-2021.10.linux64_1.0.200.202301161003/tools/bin/../lib/gcc/arm-none-eabi/10.3.1/../../../../arm-none-eabi/lib/thumb/v7-m/nofp/libc_nano.a(lib_a-init.o)
                              /opt/st/stm32cubeide_1.12.1/plugins/com.st.stm32cube.ide.mcu.externaltools.gnu-tools-for-stm32.10.3-2021.10.linux64_1.0.200.202301161003/tools/bin/../lib/gcc/arm-none-eabi/10.3.1/../../../../arm-none-eabi/lib/thumb/v7-m/nofp/crt0.o (__libc_init_array)
/opt/st/stm32cubeide_1.12.1/plugins/com.st.stm32cube.ide.mcu.externaltools.gnu-tools-for-stm32.10.3-2021.10.linux64_1.0.200.202301161003/tools/bin/../lib/gcc/arm-none-eabi/10.3.1/../../../../arm-none-eabi/lib/thumb/v7-m/nofp/libc_nano.a(lib_a-malloc.o)
                              /opt/st/stm32cubeide_1.12.1/plugins/com.st.stm32cube.ide.mcu.externaltools.gnu-tools-for-stm32.10.3-2021.10.linux64_1.0.200.202301161003/tools/bin/../lib/gcc/arm-none-eabi/10.3.1/../../../../arm-none-eabi/lib/thumb/v7-m/nofp/libstdc++_nano.a(del_op.o) (free)
/opt/st/stm32cubeide_1.12.1/plugins/com.st.stm32cube.ide.mcu.externaltools.gnu-tools-for-stm32.10.3-2021.10.linux64_1.0.200.202301161003/tools/bin/../lib/gcc/arm-none-eabi/10.3.1/../../../../arm-none-eabi/lib/thumb/v7-m/nofp/libc_nano.a(lib_a-memset.o)
                              /opt/st/stm32cubeide_1.12.1/plugins/com.st.stm32cube.ide.mcu.externaltools.gnu-tools-for-stm32.10.3-2021.10.linux64_1.0.200.202301161003/tools/bin/../lib/gcc/arm-none-eabi/10.3.1/../../../../arm-none-eabi/lib/thumb/v7-m/nofp/crt0.o (memset)
/opt/st/stm32cubeide_1.12.1/plugins/com.st.stm32cube.ide.mcu.externaltools.gnu-tools-for-stm32.10.3-2021.10.linux64_1.0.200.202301161003/tools/bin/../lib/gcc/arm-none-eabi/10.3.1/../../../../arm-none-eabi/lib/thumb/v7-m/nofp/libc_nano.a(lib_a-nano-freer.o)
                              /opt/st/stm32cubeide_1.12.1/plugins/com.st.stm32cube.ide.mcu.externaltools.gnu-tools-for-stm32.10.3-2021.10.linux64_1.0.200.202301161003/tools/bin/../lib/gcc/arm-none-eabi/10.3.1/../../../../arm-none-eabi/lib/thumb/v7-m/nofp/libc_nano.a(lib_a-malloc.o) (_free_r)
/opt/st/stm32cubeide_1.12.1/plugins/com.st.stm32cube.ide.mcu.externaltools.gnu-tools-for-stm32.10.3-2021.10.linux64_1.0.200.202301161003/tools/bin/../lib/gcc/arm-none-eabi/10.3.1/../../../../arm-none-eabi/lib/thumb/v7-m/nofp/libc_nano.a(lib_a-nano-mallocr.o)
[...]
Memory Configuration

Name             Origin             Length             Attributes
RAM              0x0000000020000000 0x0000000000005000 xrw
FLASH            0x0000000008000000 0x0000000000010000 xr
*default*        0x0000000000000000 0xffffffffffffffff

Linker script and memory map

LOAD /opt/st/stm32cubeide_1.12.1/plugins/com.st.stm32cube.ide.mcu.externaltools.gnu-tools-for-stm32.10.3-2021.10.linux64_1.0.200.202301161003/tools/bin/../lib/gcc/arm-none-eabi/10.3.1/thumb/v7-m/nofp/crti.o
LOAD /opt/st/stm32cubeide_1.12.1/plugins/com.st.stm32cube.ide.mcu.externaltools.gnu-tools-for-stm32.10.3-2021.10.linux64_1.0.200.202301161003/tools/bin/../lib/gcc/arm-none-eabi/10.3.1/thumb/v7-m/nofp/crtbegin.o
LOAD /opt/st/stm32cubeide_1.12.1/plugins/com.st.stm32cube.ide.mcu.externaltools.gnu-tools-for-stm32.10.3-2021.10.linux64_1.0.200.202301161003/tools/bin/../lib/gcc/arm-none-eabi/10.3.1/../../../../arm-none-eabi/lib/thumb/v7-m/nofp/crt0.o
LOAD ./Core/Src/dma.o
LOAD ./Core/Src/gpio.o
LOAD ./Core/Src/i2c.o
LOAD ./Core/Src/main.o
LOAD ./Core/Src/sbus.o
LOAD ./Core/Src/stm32f1xx_it.o
LOAD ./Core/Src/syscalls.o
LOAD ./Core/Src/sysmem.o
LOAD ./Core/Src/system_stm32f1xx.o
LOAD ./Core/Src/usart.o
LOAD ./Core/Startup/startup_stm32f103c8tx.o
LOAD ./Drivers/STM32F1xx_HAL_Driver/Src/stm32f1xx_ll_dma.o
LOAD ./Drivers/STM32F1xx_HAL_Driver/Src/stm32f1xx_ll_exti.o
LOAD ./Drivers/STM32F1xx_HAL_Driver/Src/stm32f1xx_ll_gpio.o
LOAD ./Drivers/STM32F1xx_HAL_Driver/Src/stm32f1xx_ll_i2c.o
LOAD ./Drivers/STM32F1xx_HAL_Driver/Src/stm32f1xx_ll_pwr.o
LOAD ./Drivers/STM32F1xx_HAL_Driver/Src/stm32f1xx_ll_rcc.o
LOAD ./Drivers/STM32F1xx_HAL_Driver/Src/stm32f1xx_ll_usart.o
LOAD ./Drivers/STM32F1xx_HAL_Driver/Src/stm32f1xx_ll_utils.o
START GROUP
LOAD /opt/st/stm32cubeide_1.12.1/plugins/com.st.stm32cube.ide.mcu.externaltools.gnu-tools-for-stm32.10.3-2021.10.linux64_1.0.200.202301161003/tools/bin/../lib/gcc/arm-none-eabi/10.3.1/../../../../arm-none-eabi/lib/thumb/v7-m/nofp/libstdc++_nano.a
LOAD /opt/st/stm32cubeide_1.12.1/plugins/com.st.stm32cube.ide.mcu.externaltools.gnu-tools-for-stm32.10.3-2021.10.linux64_1.0.200.202301161003/tools/bin/../lib/gcc/arm-none-eabi/10.3.1/../../../../arm-none-eabi/lib/thumb/v7-m/nofp/libsupc++_nano.a
END GROUP
LOAD /opt/st/stm32cubeide_1.12.1/plugins/com.st.stm32cube.ide.mcu.externaltools.gnu-tools-for-stm32.10.3-2021.10.linux64_1.0.200.202301161003/tools/bin/../lib/gcc/arm-none-eabi/10.3.1/../../../../arm-none-eabi/lib/thumb/v7-m/nofp/libstdc++_nano.a
LOAD /opt/st/stm32cubeide_1.12.1/plugins/com.st.stm32cube.ide.mcu.externaltools.gnu-tools-for-stm32.10.3-2021.10.linux64_1.0.200.202301161003/tools/bin/../lib/gcc/arm-none-eabi/10.3.1/../../../../arm-none-eabi/lib/thumb/v7-m/nofp/libm.a
LOAD /opt/st/stm32cubeide_1.12.1/plugins/com.st.stm32cube.ide.mcu.externaltools.gnu-tools-for-stm32.10.3-2021.10.linux64_1.0.200.202301161003/tools/bin/../lib/gcc/arm-none-eabi/10.3.1/../../../../arm-none-eabi/lib/thumb/v7-m/nofp/libc_nano.a
START GROUP
LOAD /opt/st/stm32cubeide_1.12.1/plugins/com.st.stm32cube.ide.mcu.externaltools.gnu-tools-for-stm32.10.3-2021.10.linux64_1.0.200.202301161003/tools/bin/../lib/gcc/arm-none-eabi/10.3.1/thumb/v7-m/nofp/libgcc.a
LOAD /opt/st/stm32cubeide_1.12.1/plugins/com.st.stm32cube.ide.mcu.externaltools.gnu-tools-for-stm32.10.3-2021.10.linux64_1.0.200.202301161003/tools/bin/../lib/gcc/arm-none-eabi/10.3.1/../../../../arm-none-eabi/lib/thumb/v7-m/nofp/libc_nano.a
END GROUP
START GROUP
LOAD /opt/st/stm32cubeide_1.12.1/plugins/com.st.stm32cube.ide.mcu.externaltools.gnu-tools-for-stm32.10.3-2021.10.linux64_1.0.200.202301161003/tools/bin/../lib/gcc/arm-none-eabi/10.3.1/thumb/v7-m/nofp/libgcc.a
LOAD /opt/st/stm32cubeide_1.12.1/plugins/com.st.stm32cube.ide.mcu.externaltools.gnu-tools-for-stm32.10.3-2021.10.linux64_1.0.200.202301161003/tools/bin/../lib/gcc/arm-none-eabi/10.3.1/../../../../arm-none-eabi/lib/thumb/v7-m/nofp/libc_nano.a
LOAD /opt/st/stm32cubeide_1.12.1/plugins/com.st.stm32cube.ide.mcu.externaltools.gnu-tools-for-stm32.10.3-2021.10.linux64_1.0.200.202301161003/tools/bin/../lib/gcc/arm-none-eabi/10.3.1/../../../../arm-none-eabi/lib/thumb/v7-m/nofp/libnosys.a
END GROUP
START GROUP
LOAD /opt/st/stm32cubeide_1.12.1/plugins/com.st.stm32cube.ide.mcu.externaltools.gnu-tools-for-stm32.10.3-2021.10.linux64_1.0.200.202301161003/tools/bin/../lib/gcc/arm-none-eabi/10.3.1/thumb/v7-m/nofp/libgcc.a
LOAD /opt/st/stm32cubeide_1.12.1/plugins/com.st.stm32cube.ide.mcu.externaltools.gnu-tools-for-stm32.10.3-2021.10.linux64_1.0.200.202301161003/tools/bin/../lib/gcc/arm-none-eabi/10.3.1/../../../../arm-none-eabi/lib/thumb/v7-m/nofp/libc_nano.a
LOAD /opt/st/stm32cubeide_1.12.1/plugins/com.st.stm32cube.ide.mcu.externaltools.gnu-tools-for-stm32.10.3-2021.10.linux64_1.0.200.202301161003/tools/bin/../lib/gcc/arm-none-eabi/10.3.1/../../../../arm-none-eabi/lib/thumb/v7-m/nofp/libnosys.a
END GROUP
LOAD /opt/st/stm32cubeide_1.12.1/plugins/com.st.stm32cube.ide.mcu.externaltools.gnu-tools-for-stm32.10.3-2021.10.linux64_1.0.200.202301161003/tools/bin/../lib/gcc/arm-none-eabi/10.3.1/thumb/v7-m/nofp/crtend.o
LOAD /opt/st/stm32cubeide_1.12.1/plugins/com.st.stm32cube.ide.mcu.externaltools.gnu-tools-for-stm32.10.3-2021.10.linux64_1.0.200.202301161003/tools/bin/../lib/gcc/arm-none-eabi/10.3.1/thumb/v7-m/nofp/crtn.o
                0x0000000020005000                _estack = (ORIGIN (RAM) + LENGTH (RAM))
                0x0000000000000200                _Min_Heap_Size = 0x200
                0x0000000000000400                _Min_Stack_Size = 0x400

.isr_vector     0x0000000008000000      0x10c
                0x0000000008000000                . = ALIGN (0x4)
 *(.isr_vector)
 .isr_vector    0x0000000008000000      0x10c ./Core/Startup/startup_stm32f103c8tx.o
                0x0000000008000000                g_pfnVectors
                0x000000000800010c                . = ALIGN (0x4)

.text           0x000000000800010c     0x282c
                0x000000000800010c                . = ALIGN (0x4)
 *(.text)
 .text          0x000000000800010c       0x40 /opt/st/stm32cubeide_1.12.1/plugins/com.st.stm32cube.ide.mcu.externaltools.gnu-tools-for-stm32.10.3-2021.10.linux64_1.0.200.202301161003/tools/bin/../lib/gcc/arm-none-eabi/10.3.1/thumb/v7-m/nofp/crtbegin.o
 .text          0x000000000800014c      0x168 /opt/st/stm32cubeide_1.12.1/plugins/com.st.stm32cube.ide.mcu.externaltools.gnu-tools-for-stm32.10.3-2021.10.linux64_1.0.200.202301161003/tools/bin/../lib/gcc/arm-none-eabi/10.3.1/thumb/v7-m/nofp/libgcc.a(_arm_mulsf3.o)
                0x000000000800014c                __mulsf3
                0x000000000800014c                __aeabi_fmul
 .text          0x00000000080002b4      0x378 /opt/st/stm32cubeide_1.12.1/plugins/com.st.stm32cube.ide.mcu.externaltools.gnu-tools-for-stm32.10.3-2021.10.linux64_1.0.200.202301161003/tools/bin/../lib/gcc/arm-none-eabi/10.3.1/thumb/v7-m/nofp/libgcc.a(_arm_addsubdf3.o)
                0x00000000080002b4                __aeabi_drsub
                0x00000000080002bc                __aeabi_dsub
                0x00000000080002bc                __subdf3
                0x00000000080002c0                __adddf3
                0x00000000080002c0                __aeabi_dadd
                0x0000000008000538                __aeabi_ui2d
                0x0000000008000538                __floatunsidf
                0x0000000008000558                __floatsidf
                0x0000000008000558                __aeabi_i2d
                0x000000000800057c                __extendsfdf2
                0x000000000800057c                __aeabi_f2d
                0x00000000080005c0                __aeabi_ul2d
                0x00000000080005c0                __floatundidf
                0x00000000080005d0                __floatdidf
                0x00000000080005d0                __aeabi_l2d
 .text          0x000000000800062c       0x40 /opt/st/stm32cubeide_1.12.1/plugins/com.st.stm32cube.ide.mcu.externaltools.gnu-tools-for-stm32.10.3-2021.10.linux64_1.0.200.202301161003/tools/bin/../lib/gcc/arm-none-eabi/10.3.1/thumb/v7-m/nofp/libgcc.a(_arm_fixunsdfsi.o)
                0x000000000800062c                __fixunsdfsi
                0x000000000800062c                __aeabi_d2uiz
 .text          0x000000000800066c      0x21c /opt/st/stm32cubeide_1.12.1/plugins/com.st.stm32cube.ide.mcu.externaltools.gnu-tools-for-stm32.10.3-2021.10.linux64_1.0.200.202301161003/tools/bin/../lib/gcc/arm-none-eabi/10.3.1/thumb/v7-m/nofp/libgcc.a(_arm_addsubsf3.o)
                0x000000000800066c                __aeabi_frsub
                0x0000000008000674                __subsf3
                0x0000000008000674                __aeabi_fsub
                0x0000000008000678                __aeabi_fadd
                0x0000000008000678                __addsf3
                0x00000000080007d8                __aeabi_ui2f
                0x00000000080007d8                __floatunsisf
                0x00000000080007e0                __aeabi_i2f
                0x00000000080007e0                __floatsisf
                0x00000000080007fc                __floatundisf
                0x00000000080007fc                __aeabi_ul2f
                0x000000000800080c                __floatdisf
                0x000000000800080c                __aeabi_l2f
 *(.text*)
 .text.LL_APB2_GRP1_EnableClock
                0x0000000008000888       0x30 ./Core/Src/gpio.o
 .text.MX_GPIO_Init
                0x00000000080008b8       0x1a ./Core/Src/gpio.o
                0x00000000080008b8                MX_GPIO_Init
 *fill*         0x00000000080008d2        0x2 
 .text.__NVIC_SetPriorityGrouping
                0x00000000080008d4       0x48 ./Core/Src/main.o
 .text.__NVIC_GetPriorityGrouping
                0x000000000800091c       0x1c ./Core/Src/main.o
 .text.__NVIC_SetPriority
                0x0000000008000938       0x54 ./Core/Src/main.o
 .text.NVIC_EncodePriority
                0x000000000800098c       0x60 ./Core/Src/main.o
 .text.SysTick_Config
                0x00000000080009ec       0x44 ./Core/Src/main.o
 .text.LL_RCC_HSE_Enable
                0x0000000008000a30       0x1c ./Core/Src/main.o
 .text.LL_RCC_HSE_IsReady
                0x0000000008000a4c       0x24 ./Core/Src/main.o
 .text.LL_RCC_SetSysClkSource
                0x0000000008000a70       0x28 ./Core/Src/main.o
 .text.LL_RCC_GetSysClkSource
                0x0000000008000a98       0x18 ./Core/Src/main.o
 .text.LL_RCC_SetAHBPrescaler
                0x0000000008000ab0       0x28 ./Core/Src/main.o
 .text.LL_RCC_SetAPB1Prescaler
                0x0000000008000ad8       0x28 ./Core/Src/main.o
 .text.LL_RCC_SetAPB2Prescaler
                0x0000000008000b00       0x28 ./Core/Src/main.o
 .text.LL_RCC_PLL_Enable
                0x0000000008000b28       0x1c ./Core/Src/main.o
 .text.LL_RCC_PLL_IsReady
                0x0000000008000b44       0x24 ./Core/Src/main.o
 .text.LL_RCC_PLL_ConfigDomain_SYS
                0x0000000008000b68       0x30 ./Core/Src/main.o
 .text.LL_APB1_GRP1_EnableClock
                0x0000000008000b98       0x30 ./Core/Src/main.o
 .text.LL_APB2_GRP1_EnableClock
                0x0000000008000bc8       0x30 ./Core/Src/main.o
 .text.LL_FLASH_SetLatency
                0x0000000008000bf8       0x28 ./Core/Src/main.o
 .text.LL_FLASH_GetLatency
                0x0000000008000c20       0x18 ./Core/Src/main.o
 .text.LL_GPIO_AF_Remap_SWJ_NOJTAG
                0x0000000008000c38       0x20 ./Core/Src/main.o
 .text._ZN7GlobalsC2Ev
                0x0000000008000c58       0x28 ./Core/Src/main.o
                0x0000000008000c58                Globals::Globals()
                0x0000000008000c58                Globals::Globals()
 .text.main     0x0000000008000c80       0x64 ./Core/Src/main.o
                0x0000000008000c80                main
 .text._Z18SystemClock_Configv
                0x0000000008000ce4       0xa4 ./Core/Src/main.o
                0x0000000008000ce4                SystemClock_Config()
 .text.IncrementSystemTick_Callback
                0x0000000008000d88       0x1c ./Core/Src/main.o
                0x0000000008000d88                IncrementSystemTick_Callback
 .text._ZN7GlobalsD2Ev
                0x0000000008000da4       0x1c ./Core/Src/main.o
                0x0000000008000da4                Globals::~Globals()
                0x0000000008000da4                Globals::~Globals()
 .text._Z41__static_initialization_and_destruction_0ii
                0x0000000008000dc0       0x80 ./Core/Src/main.o
 .text._GLOBAL__sub_I_lastTicks
                0x0000000008000e40       0x10 ./Core/Src/main.o
 .text._GLOBAL__sub_D_lastTicks
                0x0000000008000e50       0x10 ./Core/Src/main.o
 .text._ZN3def3def7ChannelaSERKj
                0x0000000008000e60       0x1c ./Core/Src/sbus.o
                0x0000000008000e60                def::def::Channel::operator=(unsigned int const&)
 .text._ZN3def4SbusC2Ev
                0x0000000008000e7c       0x78 ./Core/Src/sbus.o
                0x0000000008000e7c                def::Sbus::Sbus()
                0x0000000008000e7c                def::Sbus::Sbus()
 .text._ZN3def4SbusD2Ev
                0x0000000008000ef4       0x20 ./Core/Src/sbus.o
                0x0000000008000ef4                def::Sbus::~Sbus()
                0x0000000008000ef4                def::Sbus::~Sbus()
 .text._ZN3def4SbusD0Ev
                0x0000000008000f14       0x20 ./Core/Src/sbus.o
                0x0000000008000f14                def::Sbus::~Sbus()
 .text._ZN3def4Sbus8sbus2pwmERKj
                0x0000000008000f34       0x64 ./Core/Src/sbus.o
                0x0000000008000f34                def::Sbus::sbus2pwm(unsigned int const&)
 .text._ZN3def4Sbus14decodeChannelsEv
                0x0000000008000f98      0x456 ./Core/Src/sbus.o
                0x0000000008000f98                def::Sbus::decodeChannels()
 .text._ZN3def4Sbus13readSbusFrameEv
                0x00000000080013ee       0x42 ./Core/Src/sbus.o
                0x00000000080013ee                def::Sbus::readSbusFrame()
 .text._ZN3def4Sbus8findSyncERKh
                0x0000000008001430       0x66 ./Core/Src/sbus.o
                0x0000000008001430                def::Sbus::findSync(unsigned char const&)
 .text._ZN3def4Sbus8isSyncedEv
                0x0000000008001496       0x16 ./Core/Src/sbus.o
                0x0000000008001496                def::Sbus::isSynced()
 .text.LL_DMA_EnableChannel
                0x00000000080014ac       0x3c ./Core/Src/stm32f1xx_it.o
 .text.LL_DMA_DisableChannel
                0x00000000080014e8       0x3c ./Core/Src/stm32f1xx_it.o
 .text.LL_DMA_IsActiveFlag_TC5
                0x0000000008001524       0x26 ./Core/Src/stm32f1xx_it.o
 .text.LL_DMA_IsActiveFlag_TE5
                0x000000000800154a       0x26 ./Core/Src/stm32f1xx_it.o
 .text.LL_DMA_ClearFlag_TC5
                0x0000000008001570       0x1a ./Core/Src/stm32f1xx_it.o
 *fill*         0x000000000800158a        0x2 
 .text.LL_DMA_IsEnabledIT_TC
                0x000000000800158c       0x38 ./Core/Src/stm32f1xx_it.o
 .text.LL_USART_IsActiveFlag_RXNE
                0x00000000080015c4       0x24 ./Core/Src/stm32f1xx_it.o
 .text.LL_USART_ClearFlag_RXNE
                0x00000000080015e8       0x1a ./Core/Src/stm32f1xx_it.o
 .text.LL_USART_EnableIT_RXNE
                0x0000000008001602       0x4e ./Core/Src/stm32f1xx_it.o
 .text.LL_USART_DisableIT_RXNE
                0x0000000008001650       0x4e ./Core/Src/stm32f1xx_it.o
 .text.LL_USART_IsEnabledIT_RXNE
                0x000000000800169e       0x24 ./Core/Src/stm32f1xx_it.o
 .text.LL_USART_ReceiveData8
                0x00000000080016c2       0x18 ./Core/Src/stm32f1xx_it.o
 .text.NMI_Handler
                0x00000000080016da        0x6 ./Core/Src/stm32f1xx_it.o
                0x00000000080016da                NMI_Handler
 .text.HardFault_Handler
                0x00000000080016e0        0x6 ./Core/Src/stm32f1xx_it.o
                0x00000000080016e0                HardFault_Handler
 .text.MemManage_Handler
                0x00000000080016e6        0x6 ./Core/Src/stm32f1xx_it.o
                0x00000000080016e6                MemManage_Handler
 .text.BusFault_Handler
                0x00000000080016ec        0x6 ./Core/Src/stm32f1xx_it.o
                0x00000000080016ec                BusFault_Handler
 .text.UsageFault_Handler
                0x00000000080016f2        0x6 ./Core/Src/stm32f1xx_it.o
                0x00000000080016f2                UsageFault_Handler
 .text.SVC_Handler
                0x00000000080016f8        0xc ./Core/Src/stm32f1xx_it.o
                0x00000000080016f8                SVC_Handler
 .text.DebugMon_Handler
                0x0000000008001704        0xc ./Core/Src/stm32f1xx_it.o
                0x0000000008001704                DebugMon_Handler
 .text.PendSV_Handler
                0x0000000008001710        0xc ./Core/Src/stm32f1xx_it.o
                0x0000000008001710                PendSV_Handler
 .text.SysTick_Handler
                0x000000000800171c        0xc ./Core/Src/stm32f1xx_it.o
                0x000000000800171c                SysTick_Handler
 .text.DMA1_Channel2_IRQHandler
                0x0000000008001728        0xc ./Core/Src/stm32f1xx_it.o
                0x0000000008001728                DMA1_Channel2_IRQHandler
 .text.DMA1_Channel5_IRQHandler
                0x0000000008001734       0x80 ./Core/Src/stm32f1xx_it.o
                0x0000000008001734                DMA1_Channel5_IRQHandler
 .text.I2C1_EV_IRQHandler
                0x00000000080017b4        0xc ./Core/Src/stm32f1xx_it.o
                0x00000000080017b4                I2C1_EV_IRQHandler
 .text.USART1_IRQHandler
                0x00000000080017c0       0x78 ./Core/Src/stm32f1xx_it.o
                0x00000000080017c0                USART1_IRQHandler
 .text._Z41__static_initialization_and_destruction_0ii
                0x0000000008001838       0x80 ./Core/Src/stm32f1xx_it.o
 .text._GLOBAL__sub_I_NMI_Handler
                0x00000000080018b8       0x10 ./Core/Src/stm32f1xx_it.o
 .text._GLOBAL__sub_D_NMI_Handler
                0x00000000080018c8       0x10 ./Core/Src/stm32f1xx_it.o
 .text.SystemInit
                0x00000000080018d8        0xc ./Core/Src/system_stm32f1xx.o
                0x00000000080018d8                SystemInit
 .text.SystemCoreClockUpdate
                0x00000000080018e4       0xe4 ./Core/Src/system_stm32f1xx.o
                0x00000000080018e4                SystemCoreClockUpdate
 .text.__NVIC_GetPriorityGrouping
                0x00000000080019c8       0x1c ./Core/Src/usart.o
 .text.__NVIC_EnableIRQ
                0x00000000080019e4       0x38 ./Core/Src/usart.o
 .text.__NVIC_SetPriority
                0x0000000008001a1c       0x54 ./Core/Src/usart.o
 .text.NVIC_EncodePriority
                0x0000000008001a70       0x60 ./Core/Src/usart.o
 .text.LL_DMA_SetDataTransferDirection
                0x0000000008001ad0       0x48 ./Core/Src/usart.o
 .text.LL_DMA_SetMode
                0x0000000008001b18       0x44 ./Core/Src/usart.o
 .text.LL_DMA_SetPeriphIncMode
                0x0000000008001b5c       0x44 ./Core/Src/usart.o
 .text.LL_DMA_SetMemoryIncMode
                0x0000000008001ba0       0x44 ./Core/Src/usart.o
 .text.LL_DMA_SetPeriphSize
                0x0000000008001be4       0x44 ./Core/Src/usart.o
 .text.LL_DMA_SetMemorySize
                0x0000000008001c28       0x44 ./Core/Src/usart.o
 .text.LL_DMA_SetChannelPriorityLevel
                0x0000000008001c6c       0x44 ./Core/Src/usart.o
 .text.LL_DMA_SetDataLength
                0x0000000008001cb0       0x44 ./Core/Src/usart.o
 .text.LL_DMA_SetMemoryAddress
                0x0000000008001cf4       0x30 ./Core/Src/usart.o
 .text.LL_DMA_SetPeriphAddress
                0x0000000008001d24       0x30 ./Core/Src/usart.o
 .text.LL_DMA_EnableIT_TC
                0x0000000008001d54       0x3c ./Core/Src/usart.o
 .text.LL_AHB1_GRP1_EnableClock
                0x0000000008001d90       0x30 ./Core/Src/usart.o
 .text.LL_APB2_GRP1_EnableClock
                0x0000000008001dc0       0x30 ./Core/Src/usart.o
 .text.LL_USART_Enable
                0x0000000008001df0       0x1e ./Core/Src/usart.o
 .text.LL_USART_ConfigAsyncMode
                0x0000000008001e0e       0x2a ./Core/Src/usart.o
 .text.LL_USART_EnableIT_RXNE
                0x0000000008001e38       0x4e ./Core/Src/usart.o
 .text.LL_USART_EnableDMAReq_RX
                0x0000000008001e86       0x4e ./Core/Src/usart.o
 .text.LL_USART_DMA_GetRegAddr
                0x0000000008001ed4       0x16 ./Core/Src/usart.o
 *fill*         0x0000000008001eea        0x2 
 .text.MX_USART1_UART_Init
                0x0000000008001eec      0x184 ./Core/Src/usart.o
                0x0000000008001eec                MX_USART1_UART_Init
 .text._Z41__static_initialization_and_destruction_0ii
                0x0000000008002070       0x80 ./Core/Src/usart.o
 .text._GLOBAL__sub_I_MX_USART1_UART_Init
                0x00000000080020f0       0x10 ./Core/Src/usart.o
 .text._GLOBAL__sub_D_MX_USART1_UART_Init
                0x0000000008002100       0x10 ./Core/Src/usart.o
 .text.Reset_Handler
                0x0000000008002110       0x48 ./Core/Startup/startup_stm32f103c8tx.o
                0x0000000008002110                Reset_Handler
 .text.Default_Handler
                0x0000000008002158        0x2 ./Core/Startup/startup_stm32f103c8tx.o
                0x0000000008002158                RTC_Alarm_IRQHandler
                0x0000000008002158                EXTI2_IRQHandler
                0x0000000008002158                TIM1_CC_IRQHandler
                0x0000000008002158                PVD_IRQHandler
                0x0000000008002158                EXTI3_IRQHandler
                0x0000000008002158                EXTI0_IRQHandler
                0x0000000008002158                I2C2_EV_IRQHandler
                0x0000000008002158                ADC1_2_IRQHandler
                0x0000000008002158                SPI1_IRQHandler
                0x0000000008002158                TAMPER_IRQHandler
                0x0000000008002158                DMA1_Channel4_IRQHandler
                0x0000000008002158                USART3_IRQHandler
                0x0000000008002158                RTC_IRQHandler
                0x0000000008002158                DMA1_Channel7_IRQHandler
                0x0000000008002158                CAN1_RX1_IRQHandler
                0x0000000008002158                TIM4_IRQHandler
                0x0000000008002158                DMA1_Channel6_IRQHandler
                0x0000000008002158                TIM3_IRQHandler
                0x0000000008002158                RCC_IRQHandler
                0x0000000008002158                TIM1_TRG_COM_IRQHandler
                0x0000000008002158                DMA1_Channel1_IRQHandler
                0x0000000008002158                Default_Handler
                0x0000000008002158                EXTI15_10_IRQHandler
                0x0000000008002158                EXTI9_5_IRQHandler
                0x0000000008002158                SPI2_IRQHandler
                0x0000000008002158                EXTI4_IRQHandler
                0x0000000008002158                USB_LP_CAN1_RX0_IRQHandler
                0x0000000008002158                USB_HP_CAN1_TX_IRQHandler
                0x0000000008002158                DMA1_Channel3_IRQHandler
                0x0000000008002158                TIM1_UP_IRQHandler
                0x0000000008002158                WWDG_IRQHandler
                0x0000000008002158                TIM2_IRQHandler
                0x0000000008002158                TIM1_BRK_IRQHandler
                0x0000000008002158                EXTI1_IRQHandler
                0x0000000008002158                USART2_IRQHandler
                0x0000000008002158                I2C2_ER_IRQHandler
                0x0000000008002158                CAN1_SCE_IRQHandler
                0x0000000008002158                FLASH_IRQHandler
                0x0000000008002158                I2C1_ER_IRQHandler
                0x0000000008002158                USBWakeUp_IRQHandler
 .text.LL_GPIO_SetPinMode
                0x000000000800215a       0x64 ./Drivers/STM32F1xx_HAL_Driver/Src/stm32f1xx_ll_gpio.o
 .text.LL_GPIO_SetPinSpeed
                0x00000000080021be       0x64 ./Drivers/STM32F1xx_HAL_Driver/Src/stm32f1xx_ll_gpio.o
 .text.LL_GPIO_SetPinOutputType
                0x0000000008002222       0x64 ./Drivers/STM32F1xx_HAL_Driver/Src/stm32f1xx_ll_gpio.o
 .text.LL_GPIO_SetPinPull
                0x0000000008002286       0x44 ./Drivers/STM32F1xx_HAL_Driver/Src/stm32f1xx_ll_gpio.o
 .text.LL_GPIO_Init
                0x00000000080022ca       0xcc ./Drivers/STM32F1xx_HAL_Driver/Src/stm32f1xx_ll_gpio.o
                0x00000000080022ca                LL_GPIO_Init
 *fill*         0x0000000008002396        0x2 
 .text.LL_RCC_GetSysClkSource
                0x0000000008002398       0x18 ./Drivers/STM32F1xx_HAL_Driver/Src/stm32f1xx_ll_rcc.o
 .text.LL_RCC_GetAHBPrescaler
                0x00000000080023b0       0x18 ./Drivers/STM32F1xx_HAL_Driver/Src/stm32f1xx_ll_rcc.o
 .text.LL_RCC_GetAPB1Prescaler
                0x00000000080023c8       0x18 ./Drivers/STM32F1xx_HAL_Driver/Src/stm32f1xx_ll_rcc.o
 .text.LL_RCC_GetAPB2Prescaler
                0x00000000080023e0       0x18 ./Drivers/STM32F1xx_HAL_Driver/Src/stm32f1xx_ll_rcc.o
 .text.LL_RCC_PLL_GetMainSource
                0x00000000080023f8       0x18 ./Drivers/STM32F1xx_HAL_Driver/Src/stm32f1xx_ll_rcc.o
 .text.LL_RCC_PLL_GetMultiplicator
                0x0000000008002410       0x18 ./Drivers/STM32F1xx_HAL_Driver/Src/stm32f1xx_ll_rcc.o
 .text.LL_RCC_PLL_GetPrediv
                0x0000000008002428       0x1c ./Drivers/STM32F1xx_HAL_Driver/Src/stm32f1xx_ll_rcc.o
 .text.LL_RCC_GetSystemClocksFreq
                0x0000000008002444       0x4a ./Drivers/STM32F1xx_HAL_Driver/Src/stm32f1xx_ll_rcc.o
                0x0000000008002444                LL_RCC_GetSystemClocksFreq
 *fill*         0x000000000800248e        0x2 
 .text.RCC_GetSystemClockFreq
                0x0000000008002490       0x4c ./Drivers/STM32F1xx_HAL_Driver/Src/stm32f1xx_ll_rcc.o
                0x0000000008002490                RCC_GetSystemClockFreq
 .text.RCC_GetHCLKClockFreq
                0x00000000080024dc       0x2c ./Drivers/STM32F1xx_HAL_Driver/Src/stm32f1xx_ll_rcc.o
                0x00000000080024dc                RCC_GetHCLKClockFreq
 .text.RCC_GetPCLK1ClockFreq
                0x0000000008002508       0x28 ./Drivers/STM32F1xx_HAL_Driver/Src/stm32f1xx_ll_rcc.o
                0x0000000008002508                RCC_GetPCLK1ClockFreq
 .text.RCC_GetPCLK2ClockFreq
                0x0000000008002530       0x28 ./Drivers/STM32F1xx_HAL_Driver/Src/stm32f1xx_ll_rcc.o
                0x0000000008002530                RCC_GetPCLK2ClockFreq
 .text.RCC_PLL_GetFreqDomain_SYS
                0x0000000008002558       0x64 ./Drivers/STM32F1xx_HAL_Driver/Src/stm32f1xx_ll_rcc.o
                0x0000000008002558                RCC_PLL_GetFreqDomain_SYS
 .text.LL_USART_IsEnabled
                0x00000000080025bc       0x26 ./Drivers/STM32F1xx_HAL_Driver/Src/stm32f1xx_ll_usart.o
 .text.LL_USART_SetStopBitsLength
                0x00000000080025e2       0x24 ./Drivers/STM32F1xx_HAL_Driver/Src/stm32f1xx_ll_usart.o
 .text.LL_USART_SetHWFlowCtrl
                0x0000000008002606       0x24 ./Drivers/STM32F1xx_HAL_Driver/Src/stm32f1xx_ll_usart.o
 *fill*         0x000000000800262a        0x2 
 .text.LL_USART_SetBaudRate
                0x000000000800262c       0xbc ./Drivers/STM32F1xx_HAL_Driver/Src/stm32f1xx_ll_usart.o
 .text.LL_USART_Init
                0x00000000080026e8       0xc0 ./Drivers/STM32F1xx_HAL_Driver/Src/stm32f1xx_ll_usart.o
                0x00000000080026e8                LL_USART_Init
 .text.LL_InitTick
                0x00000000080027a8       0x34 ./Drivers/STM32F1xx_HAL_Driver/Src/stm32f1xx_ll_utils.o
 .text.LL_Init1msTick
                0x00000000080027dc       0x1a ./Drivers/STM32F1xx_HAL_Driver/Src/stm32f1xx_ll_utils.o
                0x00000000080027dc                LL_Init1msTick
 *fill*         0x00000000080027f6        0x2 
 .text.LL_SetSystemCoreClock
                0x00000000080027f8       0x1c ./Drivers/STM32F1xx_HAL_Driver/Src/stm32f1xx_ll_utils.o
                0x00000000080027f8                LL_SetSystemCoreClock
 .text._ZdlPvj  0x0000000008002814        0x4 /opt/st/stm32cubeide_1.12.1/plugins/com.st.stm32cube.ide.mcu.externaltools.gnu-tools-for-stm32.10.3-2021.10.linux64_1.0.200.202301161003/tools/bin/../lib/gcc/arm-none-eabi/10.3.1/../../../../arm-none-eabi/lib/thumb/v7-m/nofp/libstdc++_nano.a(del_ops.o)
                0x0000000008002814                operator delete(void*, unsigned int)
 .text._ZdlPv   0x0000000008002818        0x4 /opt/st/stm32cubeide_1.12.1/plugins/com.st.stm32cube.ide.mcu.externaltools.gnu-tools-for-stm32.10.3-2021.10.linux64_1.0.200.202301161003/tools/bin/../lib/gcc/arm-none-eabi/10.3.1/../../../../arm-none-eabi/lib/thumb/v7-m/nofp/libstdc++_nano.a(del_op.o)
                0x0000000008002818                operator delete(void*)
 .text.__libc_init_array
                0x000000000800281c       0x48 /opt/st/stm32cubeide_1.12.1/plugins/com.st.stm32cube.ide.mcu.externaltools.gnu-tools-for-stm32.10.3-2021.10.linux64_1.0.200.202301161003/tools/bin/../lib/gcc/arm-none-eabi/10.3.1/../../../../arm-none-eabi/lib/thumb/v7-m/nofp/libc_nano.a(lib_a-init.o)
                0x000000000800281c                __libc_init_array
 .text.free     0x0000000008002864       0x10 /opt/st/stm32cubeide_1.12.1/plugins/com.st.stm32cube.ide.mcu.externaltools.gnu-tools-for-stm32.10.3-2021.10.linux64_1.0.200.202301161003/tools/bin/../lib/gcc/arm-none-eabi/10.3.1/../../../../arm-none-eabi/lib/thumb/v7-m/nofp/libc_nano.a(lib_a-malloc.o)
                0x0000000008002864                free
 .text._free_r  0x0000000008002874       0x90 /opt/st/stm32cubeide_1.12.1/plugins/com.st.stm32cube.ide.mcu.externaltools.gnu-tools-for-stm32.10.3-2021.10.linux64_1.0.200.202301161003/tools/bin/../lib/gcc/arm-none-eabi/10.3.1/../../../../arm-none-eabi/lib/thumb/v7-m/nofp/libc_nano.a(lib_a-nano-freer.o)
                0x0000000008002874                _free_r
 .text.__malloc_lock
                0x0000000008002904        0xc /opt/st/stm32cubeide_1.12.1/plugins/com.st.stm32cube.ide.mcu.externaltools.gnu-tools-for-stm32.10.3-2021.10.linux64_1.0.200.202301161003/tools/bin/../lib/gcc/arm-none-eabi/10.3.1/../../../../arm-none-eabi/lib/thumb/v7-m/nofp/libc_nano.a(lib_a-mlock.o)
                0x0000000008002904                __malloc_lock
 .text.__malloc_unlock
                0x0000000008002910        0xc /opt/st/stm32cubeide_1.12.1/plugins/com.st.stm32cube.ide.mcu.externaltools.gnu-tools-for-stm32.10.3-2021.10.linux64_1.0.200.202301161003/tools/bin/../lib/gcc/arm-none-eabi/10.3.1/../../../../arm-none-eabi/lib/thumb/v7-m/nofp/libc_nano.a(lib_a-mlock.o)
                0x0000000008002910                __malloc_unlock
 .text.__retarget_lock_acquire_recursive
                0x000000000800291c        0x2 /opt/st/stm32cubeide_1.12.1/plugins/com.st.stm32cube.ide.mcu.externaltools.gnu-tools-for-stm32.10.3-2021.10.linux64_1.0.200.202301161003/tools/bin/../lib/gcc/arm-none-eabi/10.3.1/../../../../arm-none-eabi/lib/thumb/v7-m/nofp/libc_nano.a(lib_a-lock.o)
                0x000000000800291c                __retarget_lock_acquire_recursive
 .text.__retarget_lock_release_recursive
                0x000000000800291e        0x2 /opt/st/stm32cubeide_1.12.1/plugins/com.st.stm32cube.ide.mcu.externaltools.gnu-tools-for-stm32.10.3-2021.10.linux64_1.0.200.202301161003/tools/bin/../lib/gcc/arm-none-eabi/10.3.1/../../../../arm-none-eabi/lib/thumb/v7-m/nofp/libc_nano.a(lib_a-lock.o)
                0x000000000800291e                __retarget_lock_release_recursive
 *(.glue_7)
 .glue_7        0x0000000008002920        0x0 linker stubs
 *(.glue_7t)
 .glue_7t       0x0000000008002920        0x0 linker stubs
 *(.eh_frame)
 .eh_frame      0x0000000008002920        0x0 /opt/st/stm32cubeide_1.12.1/plugins/com.st.stm32cube.ide.mcu.externaltools.gnu-tools-for-stm32.10.3-2021.10.linux64_1.0.200.202301161003/tools/bin/../lib/gcc/arm-none-eabi/10.3.1/thumb/v7-m/nofp/crtbegin.o
 *(.init)
 .init          0x0000000008002920        0x4 /opt/st/stm32cubeide_1.12.1/plugins/com.st.stm32cube.ide.mcu.externaltools.gnu-tools-for-stm32.10.3-2021.10.linux64_1.0.200.202301161003/tools/bin/../lib/gcc/arm-none-eabi/10.3.1/thumb/v7-m/nofp/crti.o
                0x0000000008002920                _init
 .init          0x0000000008002924        0x8 /opt/st/stm32cubeide_1.12.1/plugins/com.st.stm32cube.ide.mcu.externaltools.gnu-tools-for-stm32.10.3-2021.10.linux64_1.0.200.202301161003/tools/bin/../lib/gcc/arm-none-eabi/10.3.1/thumb/v7-m/nofp/crtn.o
 *(.fini)
 .fini          0x000000000800292c        0x4 /opt/st/stm32cubeide_1.12.1/plugins/com.st.stm32cube.ide.mcu.externaltools.gnu-tools-for-stm32.10.3-2021.10.linux64_1.0.200.202301161003/tools/bin/../lib/gcc/arm-none-eabi/10.3.1/thumb/v7-m/nofp/crti.o
                0x000000000800292c                _fini
 .fini          0x0000000008002930        0x8 /opt/st/stm32cubeide_1.12.1/plugins/com.st.stm32cube.ide.mcu.externaltools.gnu-tools-for-stm32.10.3-2021.10.linux64_1.0.200.202301161003/tools/bin/../lib/gcc/arm-none-eabi/10.3.1/thumb/v7-m/nofp/crtn.o
                0x0000000008002938                . = ALIGN (0x4)
                0x0000000008002938                _etext = .

.vfp11_veneer   0x0000000008002938        0x0
 .vfp11_veneer  0x0000000008002938        0x0 linker stubs

.v4_bx          0x0000000008002938        0x0
 .v4_bx         0x0000000008002938        0x0 linker stubs

.iplt           0x0000000008002938        0x0
 .iplt          0x0000000008002938        0x0 /opt/st/stm32cubeide_1.12.1/plugins/com.st.stm32cube.ide.mcu.externaltools.gnu-tools-for-stm32.10.3-2021.10.linux64_1.0.200.202301161003/tools/bin/../lib/gcc/arm-none-eabi/10.3.1/thumb/v7-m/nofp/crtbegin.o

.rodata         0x0000000008002938       0x78
                0x0000000008002938                . = ALIGN (0x4)
 *(.rodata)
 .rodata        0x0000000008002938       0x40 ./Core/Src/sbus.o
 *(.rodata*)
 .rodata._ZTVN3def4SbusE
                0x0000000008002978       0x10 ./Core/Src/sbus.o
                0x0000000008002978                vtable for def::Sbus
 .rodata._ZL18CHANNEL_OFFSET_TAB
                0x0000000008002988        0x7 ./Core/Src/stm32f1xx_it.o
 *fill*         0x000000000800298f        0x1 
 .rodata.AHBPrescTable
                0x0000000008002990       0x10 ./Core/Src/system_stm32f1xx.o
                0x0000000008002990                AHBPrescTable
 .rodata.APBPrescTable
                0x00000000080029a0        0x8 ./Core/Src/system_stm32f1xx.o
                0x00000000080029a0                APBPrescTable
 .rodata._ZL18CHANNEL_OFFSET_TAB
                0x00000000080029a8        0x7 ./Core/Src/usart.o
                0x00000000080029b0                . = ALIGN (0x4)
 *fill*         0x00000000080029af        0x1 

.rel.dyn        0x00000000080029b0        0x0
 .rel.iplt      0x00000000080029b0        0x0 /opt/st/stm32cubeide_1.12.1/plugins/com.st.stm32cube.ide.mcu.externaltools.gnu-tools-for-stm32.10.3-2021.10.linux64_1.0.200.202301161003/tools/bin/../lib/gcc/arm-none-eabi/10.3.1/thumb/v7-m/nofp/crtbegin.o

.ARM.extab      0x00000000080029b0        0x0
                0x00000000080029b0                . = ALIGN (0x4)
 *(.ARM.extab* .gnu.linkonce.armextab.*)
                0x00000000080029b0                . = ALIGN (0x4)

.ARM            0x00000000080029b0        0x0
                0x00000000080029b0                . = ALIGN (0x4)
                0x00000000080029b0                __exidx_start = .
 *(.ARM.exidx*)
                0x00000000080029b0                __exidx_end = .
                0x00000000080029b0                . = ALIGN (0x4)

.preinit_array  0x00000000080029b0        0x0
                0x00000000080029b0                . = ALIGN (0x4)
                0x00000000080029b0                PROVIDE (__preinit_array_start = .)
 *(.preinit_array*)
                0x00000000080029b0                PROVIDE (__preinit_array_end = .)
                0x00000000080029b0                . = ALIGN (0x4)

.init_array     0x00000000080029b0       0x10
                0x00000000080029b0                . = ALIGN (0x4)
                0x00000000080029b0                PROVIDE (__init_array_start = .)
 *(SORT_BY_NAME(.init_array.*))
 *(.init_array*)
 .init_array    0x00000000080029b0        0x4 /opt/st/stm32cubeide_1.12.1/plugins/com.st.stm32cube.ide.mcu.externaltools.gnu-tools-for-stm32.10.3-2021.10.linux64_1.0.200.202301161003/tools/bin/../lib/gcc/arm-none-eabi/10.3.1/thumb/v7-m/nofp/crtbegin.o
 .init_array    0x00000000080029b4        0x4 ./Core/Src/main.o
 .init_array    0x00000000080029b8        0x4 ./Core/Src/stm32f1xx_it.o
 .init_array    0x00000000080029bc        0x4 ./Core/Src/usart.o
                0x00000000080029c0                PROVIDE (__init_array_end = .)
                0x00000000080029c0                . = ALIGN (0x4)

.fini_array     0x00000000080029c0       0x10
                0x00000000080029c0                . = ALIGN (0x4)
                [!provide]                        PROVIDE (__fini_array_start = .)
 *(SORT_BY_NAME(.fini_array.*))
 *(.fini_array*)
 .fini_array    0x00000000080029c0        0x4 /opt/st/stm32cubeide_1.12.1/plugins/com.st.stm32cube.ide.mcu.externaltools.gnu-tools-for-stm32.10.3-2021.10.linux64_1.0.200.202301161003/tools/bin/../lib/gcc/arm-none-eabi/10.3.1/thumb/v7-m/nofp/crtbegin.o
 .fini_array    0x00000000080029c4        0x4 ./Core/Src/main.o
 .fini_array    0x00000000080029c8        0x4 ./Core/Src/stm32f1xx_it.o
 .fini_array    0x00000000080029cc        0x4 ./Core/Src/usart.o
                [!provide]                        PROVIDE (__fini_array_end = .)
                0x00000000080029d0                . = ALIGN (0x4)
                0x00000000080029d0                _sidata = LOADADDR (.data)

.data           0x0000000020000000       0x68 load address 0x00000000080029d0
                0x0000000020000000                . = ALIGN (0x4)
                0x0000000020000000                _sdata = .
 *(.data)
 *(.data*)
 .data.SystemCoreClock
                0x0000000020000000        0x4 ./Core/Src/system_stm32f1xx.o
                0x0000000020000000                SystemCoreClock
 .data._impure_ptr
                0x0000000020000004        0x4 /opt/st/stm32cubeide_1.12.1/plugins/com.st.stm32cube.ide.mcu.externaltools.gnu-tools-for-stm32.10.3-2021.10.linux64_1.0.200.202301161003/tools/bin/../lib/gcc/arm-none-eabi/10.3.1/../../../../arm-none-eabi/lib/thumb/v7-m/nofp/libc_nano.a(lib_a-impure.o)
                0x0000000020000004                _impure_ptr
 .data.impure_data
                0x0000000020000008       0x60 /opt/st/stm32cubeide_1.12.1/plugins/com.st.stm32cube.ide.mcu.externaltools.gnu-tools-for-stm32.10.3-2021.10.linux64_1.0.200.202301161003/tools/bin/../lib/gcc/arm-none-eabi/10.3.1/../../../../arm-none-eabi/lib/thumb/v7-m/nofp/libc_nano.a(lib_a-impure.o)
 *(.RamFunc)
 *(.RamFunc*)
                0x0000000020000068                . = ALIGN (0x4)
                0x0000000020000068                _edata = .

.igot.plt       0x0000000020000068        0x0 load address 0x0000000008002a38
 .igot.plt      0x0000000020000068        0x0 /opt/st/stm32cubeide_1.12.1/plugins/com.st.stm32cube.ide.mcu.externaltools.gnu-tools-for-stm32.10.3-2021.10.linux64_1.0.200.202301161003/tools/bin/../lib/gcc/arm-none-eabi/10.3.1/thumb/v7-m/nofp/crtbegin.o
                0x0000000020000068                . = ALIGN (0x4)

.bss            0x0000000020000068       0x9c load address 0x0000000008002a38
                0x0000000020000068                _sbss = .
                0x0000000020000068                __bss_start__ = _sbss
 *(.bss)
 .bss           0x0000000020000068       0x1c /opt/st/stm32cubeide_1.12.1/plugins/com.st.stm32cube.ide.mcu.externaltools.gnu-tools-for-stm32.10.3-2021.10.linux64_1.0.200.202301161003/tools/bin/../lib/gcc/arm-none-eabi/10.3.1/thumb/v7-m/nofp/crtbegin.o
 *(.bss*)
 .bss.G         0x0000000020000084       0x74 ./Core/Src/main.o
                0x0000000020000084                G
 .bss._ZGV1G    0x00000000200000f8        0x4 ./Core/Src/main.o
                0x00000000200000f8                guard variable for G
 .bss.__malloc_free_list
                0x00000000200000fc        0x4 /opt/st/stm32cubeide_1.12.1/plugins/com.st.stm32cube.ide.mcu.externaltools.gnu-tools-for-stm32.10.3-2021.10.linux64_1.0.200.202301161003/tools/bin/../lib/gcc/arm-none-eabi/10.3.1/../../../../arm-none-eabi/lib/thumb/v7-m/nofp/libc_nano.a(lib_a-nano-mallocr.o)
                0x00000000200000fc                __malloc_free_list
 .bss.__lock___malloc_recursive_mutex
                0x0000000020000100        0x1 /opt/st/stm32cubeide_1.12.1/plugins/com.st.stm32cube.ide.mcu.externaltools.gnu-tools-for-stm32.10.3-2021.10.linux64_1.0.200.202301161003/tools/bin/../lib/gcc/arm-none-eabi/10.3.1/../../../../arm-none-eabi/lib/thumb/v7-m/nofp/libc_nano.a(lib_a-lock.o)
                0x0000000020000100                __lock___malloc_recursive_mutex
 *(COMMON)
                0x0000000020000104                . = ALIGN (0x4)
 *fill*         0x0000000020000101        0x3 
                0x0000000020000104                _ebss = .
                0x0000000020000104                __bss_end__ = _ebss

._user_heap_stack
                0x0000000020000104      0x604 load address 0x0000000008002a38
                0x0000000020000108                . = ALIGN (0x8)
 *fill*         0x0000000020000104        0x4 
                [!provide]                        PROVIDE (end = .)
                0x0000000020000108                PROVIDE (_end = .)
                0x0000000020000308                . = (. + _Min_Heap_Size)
 *fill*         0x0000000020000108      0x200 
                0x0000000020000708                . = (. + _Min_Stack_Size)
 *fill*         0x0000000020000308      0x400 
                0x0000000020000708                . = ALIGN (0x8)

/DISCARD/
 libc.a(*)
 libm.a(*)
 libgcc.a(*)

.ARM.attributes
                0x0000000000000000       0x29
 *(.ARM.attributes)
 .ARM.attributes
                0x0000000000000000       0x1d /opt/st/stm32cubeide_1.12.1/plugins/com.st.stm32cube.ide.mcu.externaltools.gnu-tools-for-stm32.10.3-2021.10.linux64_1.0.200.202301161003/tools/bin/../lib/gcc/arm-none-eabi/10.3.1/thumb/v7-m/nofp/crti.o
 .ARM.attributes
                0x000000000000001d       0x2d /opt/st/stm32cubeide_1.12.1/plugins/com.st.stm32cube.ide.mcu.externaltools.gnu-tools-for-stm32.10.3-2021.10.linux64_1.0.200.202301161003/tools/bin/../lib/gcc/arm-none-eabi/10.3.1/thumb/v7-m/nofp/crtbegin.o
 .ARM.attributes
                0x000000000000004a       0x2d ./Core/Src/gpio.o
 .ARM.attributes
                0x0000000000000077       0x2d ./Core/Src/main.o
 .ARM.attributes
                0x00000000000000a4       0x2d ./Core/Src/sbus.o
 .ARM.attributes
                0x00000000000000d1       0x2d ./Core/Src/stm32f1xx_it.o
 .ARM.attributes
                0x00000000000000fe       0x2d ./Core/Src/system_stm32f1xx.o
 .ARM.attributes
                0x000000000000012b       0x2d ./Core/Src/usart.o
 .ARM.attributes
                0x0000000000000158       0x21 ./Core/Startup/startup_stm32f103c8tx.o
 .ARM.attributes
                0x0000000000000179       0x2d ./Drivers/STM32F1xx_HAL_Driver/Src/stm32f1xx_ll_gpio.o
 .ARM.attributes
                0x00000000000001a6       0x2d ./Drivers/STM32F1xx_HAL_Driver/Src/stm32f1xx_ll_rcc.o
 .ARM.attributes
                0x00000000000001d3       0x2d ./Drivers/STM32F1xx_HAL_Driver/Src/stm32f1xx_ll_usart.o
 .ARM.attributes
                0x0000000000000200       0x2d ./Drivers/STM32F1xx_HAL_Driver/Src/stm32f1xx_ll_utils.o
 .ARM.attributes
                0x000000000000022d       0x2d /opt/st/stm32cubeide_1.12.1/plugins/com.st.stm32cube.ide.mcu.externaltools.gnu-tools-for-stm32.10.3-2021.10.linux64_1.0.200.202301161003/tools/bin/../lib/gcc/arm-none-eabi/10.3.1/../../../../arm-none-eabi/lib/thumb/v7-m/nofp/libstdc++_nano.a(del_ops.o)
 .ARM.attributes
                0x000000000000025a       0x2d /opt/st/stm32cubeide_1.12.1/plugins/com.st.stm32cube.ide.mcu.externaltools.gnu-tools-for-stm32.10.3-2021.10.linux64_1.0.200.202301161003/tools/bin/../lib/gcc/arm-none-eabi/10.3.1/../../../../arm-none-eabi/lib/thumb/v7-m/nofp/libstdc++_nano.a(del_op.o)
 .ARM.attributes
                0x0000000000000287       0x2d /opt/st/stm32cubeide_1.12.1/plugins/com.st.stm32cube.ide.mcu.externaltools.gnu-tools-for-stm32.10.3-2021.10.linux64_1.0.200.202301161003/tools/bin/../lib/gcc/arm-none-eabi/10.3.1/../../../../arm-none-eabi/lib/thumb/v7-m/nofp/libc_nano.a(lib_a-impure.o)
 .ARM.attributes
                0x00000000000002b4       0x2d /opt/st/stm32cubeide_1.12.1/plugins/com.st.stm32cube.ide.mcu.externaltools.gnu-tools-for-stm32.10.3-2021.10.linux64_1.0.200.202301161003/tools/bin/../lib/gcc/arm-none-eabi/10.3.1/../../../../arm-none-eabi/lib/thumb/v7-m/nofp/libc_nano.a(lib_a-init.o)
 .ARM.attributes
                0x00000000000002e1       0x2d /opt/st/stm32cubeide_1.12.1/plugins/com.st.stm32cube.ide.mcu.externaltools.gnu-tools-for-stm32.10.3-2021.10.linux64_1.0.200.202301161003/tools/bin/../lib/gcc/arm-none-eabi/10.3.1/../../../../arm-none-eabi/lib/thumb/v7-m/nofp/libc_nano.a(lib_a-malloc.o)
 .ARM.attributes
                0x000000000000030e       0x2d /opt/st/stm32cubeide_1.12.1/plugins/com.st.stm32cube.ide.mcu.externaltools.gnu-tools-for-stm32.10.3-2021.10.linux64_1.0.200.202301161003/tools/bin/../lib/gcc/arm-none-eabi/10.3.1/../../../../arm-none-eabi/lib/thumb/v7-m/nofp/libc_nano.a(lib_a-nano-freer.o)
 .ARM.attributes
                0x000000000000033b       0x2d /opt/st/stm32cubeide_1.12.1/plugins/com.st.stm32cube.ide.mcu.externaltools.gnu-tools-for-stm32.10.3-2021.10.linux64_1.0.200.202301161003/tools/bin/../lib/gcc/arm-none-eabi/10.3.1/../../../../arm-none-eabi/lib/thumb/v7-m/nofp/libc_nano.a(lib_a-nano-mallocr.o)
 .ARM.attributes
                0x0000000000000368       0x2d /opt/st/stm32cubeide_1.12.1/plugins/com.st.stm32cube.ide.mcu.externaltools.gnu-tools-for-stm32.10.3-2021.10.linux64_1.0.200.202301161003/tools/bin/../lib/gcc/arm-none-eabi/10.3.1/../../../../arm-none-eabi/lib/thumb/v7-m/nofp/libc_nano.a(lib_a-mlock.o)
 .ARM.attributes
                0x0000000000000395       0x2d /opt/st/stm32cubeide_1.12.1/plugins/com.st.stm32cube.ide.mcu.externaltools.gnu-tools-for-stm32.10.3-2021.10.linux64_1.0.200.202301161003/tools/bin/../lib/gcc/arm-none-eabi/10.3.1/../../../../arm-none-eabi/lib/thumb/v7-m/nofp/libc_nano.a(lib_a-lock.o)
 .ARM.attributes
                0x00000000000003c2       0x1d /opt/st/stm32cubeide_1.12.1/plugins/com.st.stm32cube.ide.mcu.externaltools.gnu-tools-for-stm32.10.3-2021.10.linux64_1.0.200.202301161003/tools/bin/../lib/gcc/arm-none-eabi/10.3.1/thumb/v7-m/nofp/libgcc.a(_arm_mulsf3.o)
 .ARM.attributes
                0x00000000000003df       0x1d /opt/st/stm32cubeide_1.12.1/plugins/com.st.stm32cube.ide.mcu.externaltools.gnu-tools-for-stm32.10.3-2021.10.linux64_1.0.200.202301161003/tools/bin/../lib/gcc/arm-none-eabi/10.3.1/thumb/v7-m/nofp/libgcc.a(_arm_addsubdf3.o)
 .ARM.attributes
                0x00000000000003fc       0x1d /opt/st/stm32cubeide_1.12.1/plugins/com.st.stm32cube.ide.mcu.externaltools.gnu-tools-for-stm32.10.3-2021.10.linux64_1.0.200.202301161003/tools/bin/../lib/gcc/arm-none-eabi/10.3.1/thumb/v7-m/nofp/libgcc.a(_arm_fixunsdfsi.o)
 .ARM.attributes
                0x0000000000000419       0x1d /opt/st/stm32cubeide_1.12.1/plugins/com.st.stm32cube.ide.mcu.externaltools.gnu-tools-for-stm32.10.3-2021.10.linux64_1.0.200.202301161003/tools/bin/../lib/gcc/arm-none-eabi/10.3.1/thumb/v7-m/nofp/libgcc.a(_arm_addsubsf3.o)
 .ARM.attributes
                0x0000000000000436       0x1d /opt/st/stm32cubeide_1.12.1/plugins/com.st.stm32cube.ide.mcu.externaltools.gnu-tools-for-stm32.10.3-2021.10.linux64_1.0.200.202301161003/tools/bin/../lib/gcc/arm-none-eabi/10.3.1/thumb/v7-m/nofp/crtn.o
OUTPUT(flightCtrl_v0.2.elf elf32-littlearm)
LOAD linker stubs
LOAD /opt/st/stm32cubeide_1.12.1/plugins/com.st.stm32cube.ide.mcu.externaltools.gnu-tools-for-stm32.10.3-2021.10.linux64_1.0.200.202301161003/tools/bin/../lib/gcc/arm-none-eabi/10.3.1/../../../../arm-none-eabi/lib/thumb/v7-m/nofp/libc.a
LOAD /opt/st/stm32cubeide_1.12.1/plugins/com.st.stm32cube.ide.mcu.externaltools.gnu-tools-for-stm32.10.3-2021.10.linux64_1.0.200.202301161003/tools/bin/../lib/gcc/arm-none-eabi/10.3.1/../../../../arm-none-eabi/lib/thumb/v7-m/nofp/libm.a
LOAD /opt/st/stm32cubeide_1.12.1/plugins/com.st.stm32cube.ide.mcu.externaltools.gnu-tools-for-stm32.10.3-2021.10.linux64_1.0.200.202301161003/tools/bin/../lib/gcc/arm-none-eabi/10.3.1/thumb/v7-m/nofp/libgcc.a

.debug_info     0x0000000000000000     0x4c7f
 .debug_info    0x0000000000000000      0x1ba ./Core/Src/gpio.o
 .debug_info    0x00000000000001ba      0xdf2 ./Core/Src/main.o
 .debug_info    0x0000000000000fac      0x4ec ./Core/Src/sbus.o
 .debug_info    0x0000000000001498      0x964 ./Core/Src/stm32f1xx_it.o
 .debug_info    0x0000000000001dfc      0x236 ./Core/Src/system_stm32f1xx.o
 .debug_info    0x0000000000002032     0x1256 ./Core/Src/usart.o
 .debug_info    0x0000000000003288       0x22 ./Core/Startup/startup_stm32f103c8tx.o
 .debug_info    0x00000000000032aa      0x5f8 ./Drivers/STM32F1xx_HAL_Driver/Src/stm32f1xx_ll_gpio.o
 .debug_info    0x00000000000038a2      0x59b ./Drivers/STM32F1xx_HAL_Driver/Src/stm32f1xx_ll_rcc.o
 .debug_info    0x0000000000003e3d      0x61b ./Drivers/STM32F1xx_HAL_Driver/Src/stm32f1xx_ll_usart.o
 .debug_info    0x0000000000004458      0x827 ./Drivers/STM32F1xx_HAL_Driver/Src/stm32f1xx_ll_utils.o

.debug_abbrev   0x0000000000000000     0x194d
 .debug_abbrev  0x0000000000000000      0x101 ./Core/Src/gpio.o
 .debug_abbrev  0x0000000000000101      0x416 ./Core/Src/main.o
 .debug_abbrev  0x0000000000000517      0x29c ./Core/Src/sbus.o
 .debug_abbrev  0x00000000000007b3      0x3e7 ./Core/Src/stm32f1xx_it.o
 .debug_abbrev  0x0000000000000b9a      0x13b ./Core/Src/system_stm32f1xx.o
 .debug_abbrev  0x0000000000000cd5      0x401 ./Core/Src/usart.o
 .debug_abbrev  0x00000000000010d6       0x12 ./Core/Startup/startup_stm32f103c8tx.o
 .debug_abbrev  0x00000000000010e8      0x1fa ./Drivers/STM32F1xx_HAL_Driver/Src/stm32f1xx_ll_gpio.o
 .debug_abbrev  0x00000000000012e2      0x268 ./Drivers/STM32F1xx_HAL_Driver/Src/stm32f1xx_ll_rcc.o
 .debug_abbrev  0x000000000000154a      0x1bb ./Drivers/STM32F1xx_HAL_Driver/Src/stm32f1xx_ll_usart.o
 .debug_abbrev  0x0000000000001705      0x248 ./Drivers/STM32F1xx_HAL_Driver/Src/stm32f1xx_ll_utils.o

.debug_aranges  0x0000000000000000      0x6a0
 .debug_aranges
                0x0000000000000000       0x28 ./Core/Src/gpio.o
 .debug_aranges
                0x0000000000000028      0x100 ./Core/Src/main.o
 .debug_aranges
                0x0000000000000128       0x60 ./Core/Src/sbus.o
 .debug_aranges
                0x0000000000000188      0x108 ./Core/Src/stm32f1xx_it.o
 .debug_aranges
                0x0000000000000290       0x28 ./Core/Src/system_stm32f1xx.o
 .debug_aranges
                0x00000000000002b8      0x108 ./Core/Src/usart.o
 .debug_aranges
                0x00000000000003c0       0x28 ./Core/Startup/startup_stm32f103c8tx.o
 .debug_aranges
                0x00000000000003e8       0x60 ./Drivers/STM32F1xx_HAL_Driver/Src/stm32f1xx_ll_gpio.o
 .debug_aranges
                0x0000000000000448       0xd8 ./Drivers/STM32F1xx_HAL_Driver/Src/stm32f1xx_ll_rcc.o
 .debug_aranges
                0x0000000000000520       0x88 ./Drivers/STM32F1xx_HAL_Driver/Src/stm32f1xx_ll_usart.o
 .debug_aranges
                0x00000000000005a8       0xf8 ./Drivers/STM32F1xx_HAL_Driver/Src/stm32f1xx_ll_utils.o

.debug_ranges   0x0000000000000000      0x5f8
 .debug_ranges  0x0000000000000000       0x18 ./Core/Src/gpio.o
 .debug_ranges  0x0000000000000018       0xf0 ./Core/Src/main.o
 .debug_ranges  0x0000000000000108       0x50 ./Core/Src/sbus.o
 .debug_ranges  0x0000000000000158       0xf8 ./Core/Src/stm32f1xx_it.o
 .debug_ranges  0x0000000000000250       0x18 ./Core/Src/system_stm32f1xx.o
 .debug_ranges  0x0000000000000268       0xf8 ./Core/Src/usart.o
 .debug_ranges  0x0000000000000360       0x20 ./Core/Startup/startup_stm32f103c8tx.o
 .debug_ranges  0x0000000000000380       0x50 ./Drivers/STM32F1xx_HAL_Driver/Src/stm32f1xx_ll_gpio.o
 .debug_ranges  0x00000000000003d0       0xc8 ./Drivers/STM32F1xx_HAL_Driver/Src/stm32f1xx_ll_rcc.o
 .debug_ranges  0x0000000000000498       0x78 ./Drivers/STM32F1xx_HAL_Driver/Src/stm32f1xx_ll_usart.o
 .debug_ranges  0x0000000000000510       0xe8 ./Drivers/STM32F1xx_HAL_Driver/Src/stm32f1xx_ll_utils.o

.debug_macro    0x0000000000000000    0x12b9b
 .debug_macro   0x0000000000000000      0x13e ./Core/Src/gpio.o
 .debug_macro   0x000000000000013e       0x2e ./Core/Src/gpio.o
 .debug_macro   0x000000000000016c       0x22 ./Core/Src/gpio.o
 .debug_macro   0x000000000000018e       0x22 ./Core/Src/gpio.o
 .debug_macro   0x00000000000001b0       0x8e ./Core/Src/gpio.o
 .debug_macro   0x000000000000023e       0x51 ./Core/Src/gpio.o
 .debug_macro   0x000000000000028f      0x103 ./Core/Src/gpio.o
 .debug_macro   0x0000000000000392       0x6a ./Core/Src/gpio.o
 .debug_macro   0x00000000000003fc      0x1df ./Core/Src/gpio.o
 .debug_macro   0x00000000000005db       0x1c ./Core/Src/gpio.o
 .debug_macro   0x00000000000005f7       0x22 ./Core/Src/gpio.o
 .debug_macro   0x0000000000000619       0xbd ./Core/Src/gpio.o
 .debug_macro   0x00000000000006d6      0xd23 ./Core/Src/gpio.o
 .debug_macro   0x00000000000013f9     0xe09e ./Core/Src/gpio.o
 .debug_macro   0x000000000000f497       0x6d ./Core/Src/gpio.o
 .debug_macro   0x000000000000f504      0x281 ./Core/Src/gpio.o
 .debug_macro   0x000000000000f785      0x163 ./Core/Src/gpio.o
 .debug_macro   0x000000000000f8e8      0x2be ./Core/Src/gpio.o
 .debug_macro   0x000000000000fba6       0xd7 ./Core/Src/gpio.o
 .debug_macro   0x000000000000fc7d       0x74 ./Core/Src/gpio.o
 .debug_macro   0x000000000000fcf1       0xd0 ./Core/Src/gpio.o
 .debug_macro   0x000000000000fdc1       0x28 ./Core/Src/gpio.o
 .debug_macro   0x000000000000fde9       0x2a ./Core/Src/gpio.o
 .debug_macro   0x000000000000fe13       0x90 ./Core/Src/gpio.o
 .debug_macro   0x000000000000fea3      0x1b4 ./Core/Src/gpio.o
 .debug_macro   0x0000000000010057      0x229 ./Core/Src/gpio.o
 .debug_macro   0x0000000000010280       0x22 ./Core/Src/gpio.o
 .debug_macro   0x00000000000102a2      0x16f ./Core/Src/main.o
 .debug_macro   0x0000000000010411      0xbe6 ./Core/Src/main.o
 .debug_macro   0x0000000000010ff7       0x1c ./Core/Src/main.o
 .debug_macro   0x0000000000011013      0xd23 ./Core/Src/main.o
 .debug_macro   0x0000000000011d36       0x1b ./Core/Src/sbus.o
 .debug_macro   0x0000000000011d51      0x165 ./Core/Src/stm32f1xx_it.o
 .debug_macro   0x0000000000011eb6       0xbc ./Core/Src/system_stm32f1xx.o
 .debug_macro   0x0000000000011f72      0x167 ./Core/Src/usart.o
 .debug_macro   0x00000000000120d9       0xf8 ./Drivers/STM32F1xx_HAL_Driver/Src/stm32f1xx_ll_gpio.o
 .debug_macro   0x00000000000121d1      0x223 ./Drivers/STM32F1xx_HAL_Driver/Src/stm32f1xx_ll_gpio.o
 .debug_macro   0x00000000000123f4       0xdd ./Drivers/STM32F1xx_HAL_Driver/Src/stm32f1xx_ll_rcc.o
 .debug_macro   0x00000000000124d1      0x2b8 ./Drivers/STM32F1xx_HAL_Driver/Src/stm32f1xx_ll_rcc.o
 .debug_macro   0x0000000000012789      0x12b ./Drivers/STM32F1xx_HAL_Driver/Src/stm32f1xx_ll_usart.o
 .debug_macro   0x00000000000128b4      0x1ae ./Drivers/STM32F1xx_HAL_Driver/Src/stm32f1xx_ll_usart.o
 .debug_macro   0x0000000000012a62      0x139 ./Drivers/STM32F1xx_HAL_Driver/Src/stm32f1xx_ll_utils.o

.debug_line     0x0000000000000000     0x49e5
 .debug_line    0x0000000000000000      0x589 ./Core/Src/gpio.o
 .debug_line    0x0000000000000589      0x9c8 ./Core/Src/main.o
 .debug_line    0x0000000000000f51      0x3b6 ./Core/Src/sbus.o
 .debug_line    0x0000000000001307      0x96c ./Core/Src/stm32f1xx_it.o
 .debug_line    0x0000000000001c73      0x4b9 ./Core/Src/system_stm32f1xx.o
 .debug_line    0x000000000000212c      0xa46 ./Core/Src/usart.o
 .debug_line    0x0000000000002b72       0x86 ./Core/Startup/startup_stm32f103c8tx.o
 .debug_line    0x0000000000002bf8      0x6c1 ./Drivers/STM32F1xx_HAL_Driver/Src/stm32f1xx_ll_gpio.o
 .debug_line    0x00000000000032b9      0x7d3 ./Drivers/STM32F1xx_HAL_Driver/Src/stm32f1xx_ll_rcc.o
 .debug_line    0x0000000000003a8c      0x684 ./Drivers/STM32F1xx_HAL_Driver/Src/stm32f1xx_ll_usart.o
 .debug_line    0x0000000000004110      0x8d5 ./Drivers/STM32F1xx_HAL_Driver/Src/stm32f1xx_ll_utils.o

.debug_str      0x0000000000000000    0x5d63f
 .debug_str     0x0000000000000000    0x5a30c ./Core/Src/gpio.o
                                      0x5a542 (size before relaxing)
 .debug_str     0x000000000005a30c     0x10b6 ./Core/Src/main.o
                                      0x5b5a6 (size before relaxing)
 .debug_str     0x000000000005b3c2      0x20f ./Core/Src/sbus.o
                                       0x364f (size before relaxing)
 .debug_str     0x000000000005b5d1      0x2d0 ./Core/Src/stm32f1xx_it.o
                                      0x5b0fd (size before relaxing)
 .debug_str     0x000000000005b8a1       0x58 ./Core/Src/system_stm32f1xx.o
                                      0x5464c (size before relaxing)
 .debug_str     0x000000000005b8f9      0x336 ./Core/Src/usart.o
                                      0x5b719 (size before relaxing)
 .debug_str     0x000000000005bc2f       0x36 ./Core/Startup/startup_stm32f103c8tx.o
                                         0x6a (size before relaxing)
 .debug_str     0x000000000005bc65      0x404 ./Drivers/STM32F1xx_HAL_Driver/Src/stm32f1xx_ll_gpio.o
                                      0x55f8f (size before relaxing)
 .debug_str     0x000000000005c069      0x36e ./Drivers/STM32F1xx_HAL_Driver/Src/stm32f1xx_ll_rcc.o
                                      0x55b16 (size before relaxing)
 .debug_str     0x000000000005c3d7      0x801 ./Drivers/STM32F1xx_HAL_Driver/Src/stm32f1xx_ll_usart.o
                                      0x57397 (size before relaxing)
 .debug_str     0x000000000005cbd8      0xa67 ./Drivers/STM32F1xx_HAL_Driver/Src/stm32f1xx_ll_utils.o
                                      0x5680b (size before relaxing)

.comment        0x0000000000000000       0x50
 .comment       0x0000000000000000       0x50 ./Core/Src/gpio.o
                                         0x51 (size before relaxing)
 .comment       0x0000000000000050       0x51 ./Core/Src/main.o
 .comment       0x0000000000000050       0x51 ./Core/Src/sbus.o
 .comment       0x0000000000000050       0x51 ./Core/Src/stm32f1xx_it.o
 .comment       0x0000000000000050       0x51 ./Core/Src/system_stm32f1xx.o
 .comment       0x0000000000000050       0x51 ./Core/Src/usart.o
 .comment       0x0000000000000050       0x51 ./Drivers/STM32F1xx_HAL_Driver/Src/stm32f1xx_ll_gpio.o
 .comment       0x0000000000000050       0x51 ./Drivers/STM32F1xx_HAL_Driver/Src/stm32f1xx_ll_rcc.o
 .comment       0x0000000000000050       0x51 ./Drivers/STM32F1xx_HAL_Driver/Src/stm32f1xx_ll_usart.o
 .comment       0x0000000000000050       0x51 ./Drivers/STM32F1xx_HAL_Driver/Src/stm32f1xx_ll_utils.o

.debug_frame    0x0000000000000000     0x1ce0
 .debug_frame   0x0000000000000000       0x54 ./Core/Src/gpio.o
 .debug_frame   0x0000000000000054      0x400 ./Core/Src/main.o
 .debug_frame   0x0000000000000454      0x170 ./Core/Src/sbus.o
 .debug_frame   0x00000000000005c4      0x408 ./Core/Src/stm32f1xx_it.o
 .debug_frame   0x00000000000009cc       0x58 ./Core/Src/system_stm32f1xx.o
 .debug_frame   0x0000000000000a24      0x48c ./Core/Src/usart.o
 .debug_frame   0x0000000000000eb0      0x170 ./Drivers/STM32F1xx_HAL_Driver/Src/stm32f1xx_ll_gpio.o
 .debug_frame   0x0000000000001020      0x34c ./Drivers/STM32F1xx_HAL_Driver/Src/stm32f1xx_ll_rcc.o
 .debug_frame   0x000000000000136c      0x234 ./Drivers/STM32F1xx_HAL_Driver/Src/stm32f1xx_ll_usart.o
 .debug_frame   0x00000000000015a0      0x400 ./Drivers/STM32F1xx_HAL_Driver/Src/stm32f1xx_ll_utils.o
 .debug_frame   0x00000000000019a0       0x20 /opt/st/stm32cubeide_1.12.1/plugins/com.st.stm32cube.ide.mcu.externaltools.gnu-tools-for-stm32.10.3-2021.10.linux64_1.0.200.202301161003/tools/bin/../lib/gcc/arm-none-eabi/10.3.1/../../../../arm-none-eabi/lib/thumb/v7-m/nofp/libstdc++_nano.a(del_ops.o)
 .debug_frame   0x00000000000019c0       0x20 /opt/st/stm32cubeide_1.12.1/plugins/com.st.stm32cube.ide.mcu.externaltools.gnu-tools-for-stm32.10.3-2021.10.linux64_1.0.200.202301161003/tools/bin/../lib/gcc/arm-none-eabi/10.3.1/../../../../arm-none-eabi/lib/thumb/v7-m/nofp/libstdc++_nano.a(del_op.o)
 .debug_frame   0x00000000000019e0       0x2c /opt/st/stm32cubeide_1.12.1/plugins/com.st.stm32cube.ide.mcu.externaltools.gnu-tools-for-stm32.10.3-2021.10.linux64_1.0.200.202301161003/tools/bin/../lib/gcc/arm-none-eabi/10.3.1/../../../../arm-none-eabi/lib/thumb/v7-m/nofp/libc_nano.a(lib_a-init.o)
 .debug_frame   0x0000000000001a0c       0x30 /opt/st/stm32cubeide_1.12.1/plugins/com.st.stm32cube.ide.mcu.externaltools.gnu-tools-for-stm32.10.3-2021.10.linux64_1.0.200.202301161003/tools/bin/../lib/gcc/arm-none-eabi/10.3.1/../../../../arm-none-eabi/lib/thumb/v7-m/nofp/libc_nano.a(lib_a-malloc.o)
 .debug_frame   0x0000000000001a3c       0x38 /opt/st/stm32cubeide_1.12.1/plugins/com.st.stm32cube.ide.mcu.externaltools.gnu-tools-for-stm32.10.3-2021.10.linux64_1.0.200.202301161003/tools/bin/../lib/gcc/arm-none-eabi/10.3.1/../../../../arm-none-eabi/lib/thumb/v7-m/nofp/libc_nano.a(lib_a-nano-freer.o)
 .debug_frame   0x0000000000001a74       0x4c /opt/st/stm32cubeide_1.12.1/plugins/com.st.stm32cube.ide.mcu.externaltools.gnu-tools-for-stm32.10.3-2021.10.linux64_1.0.200.202301161003/tools/bin/../lib/gcc/arm-none-eabi/10.3.1/../../../../arm-none-eabi/lib/thumb/v7-m/nofp/libc_nano.a(lib_a-nano-mallocr.o)
 .debug_frame   0x0000000000001ac0       0x30 /opt/st/stm32cubeide_1.12.1/plugins/com.st.stm32cube.ide.mcu.externaltools.gnu-tools-for-stm32.10.3-2021.10.linux64_1.0.200.202301161003/tools/bin/../lib/gcc/arm-none-eabi/10.3.1/../../../../arm-none-eabi/lib/thumb/v7-m/nofp/libc_nano.a(lib_a-mlock.o)
 .debug_frame   0x0000000000001af0       0xb0 /opt/st/stm32cubeide_1.12.1/plugins/com.st.stm32cube.ide.mcu.externaltools.gnu-tools-for-stm32.10.3-2021.10.linux64_1.0.200.202301161003/tools/bin/../lib/gcc/arm-none-eabi/10.3.1/../../../../arm-none-eabi/lib/thumb/v7-m/nofp/libc_nano.a(lib_a-lock.o)
 .debug_frame   0x0000000000001ba0       0x24 /opt/st/stm32cubeide_1.12.1/plugins/com.st.stm32cube.ide.mcu.externaltools.gnu-tools-for-stm32.10.3-2021.10.linux64_1.0.200.202301161003/tools/bin/../lib/gcc/arm-none-eabi/10.3.1/thumb/v7-m/nofp/libgcc.a(_arm_mulsf3.o)
 .debug_frame   0x0000000000001bc4       0xac /opt/st/stm32cubeide_1.12.1/plugins/com.st.stm32cube.ide.mcu.externaltools.gnu-tools-for-stm32.10.3-2021.10.linux64_1.0.200.202301161003/tools/bin/../lib/gcc/arm-none-eabi/10.3.1/thumb/v7-m/nofp/libgcc.a(_arm_addsubdf3.o)
 .debug_frame   0x0000000000001c70       0x24 /opt/st/stm32cubeide_1.12.1/plugins/com.st.stm32cube.ide.mcu.externaltools.gnu-tools-for-stm32.10.3-2021.10.linux64_1.0.200.202301161003/tools/bin/../lib/gcc/arm-none-eabi/10.3.1/thumb/v7-m/nofp/libgcc.a(_arm_fixunsdfsi.o)
 .debug_frame   0x0000000000001c94       0x4c /opt/st/stm32cubeide_1.12.1/plugins/com.st.stm32cube.ide.mcu.externaltools.gnu-tools-for-stm32.10.3-2021.10.linux64_1.0.200.202301161003/tools/bin/../lib/gcc/arm-none-eabi/10.3.1/thumb/v7-m/nofp/libgcc.a(_arm_addsubsf3.o)
