../Drivers/CMSIS/Include/core_cm3.h:1480:22:void __NVIC_SetPriorityGrouping(uint32_t)	24	static
../Drivers/CMSIS/Include/core_cm3.h:1499:26:uint32_t __NVIC_GetPriorityGrouping()	4	static
../Drivers/CMSIS/Include/core_cm3.h:1639:22:void __NVIC_SetPriority(IRQn_Type, uint32_t)	16	static
../Drivers/CMSIS/Include/core_cm3.h:1686:26:uint32_t NVIC_EncodePriority(uint32_t, uint32_t, uint32_t)	40	static
../Drivers/CMSIS/Include/core_cm3.h:1834:26:uint32_t SysTick_Config(uint32_t)	16	static
../Drivers/STM32F1xx_HAL_Driver/Inc/stm32f1xx_ll_rcc.h:772:22:void LL_RCC_HSE_Enable()	4	static
../Drivers/STM32F1xx_HAL_Driver/Inc/stm32f1xx_ll_rcc.h:792:26:uint32_t LL_RCC_HSE_IsReady()	4	static
../Drivers/STM32F1xx_HAL_Driver/Inc/stm32f1xx_ll_rcc.h:1012:22:void LL_RCC_SetSysClkSource(uint32_t)	16	static
../Drivers/STM32F1xx_HAL_Driver/Inc/stm32f1xx_ll_rcc.h:1025:26:uint32_t LL_RCC_GetSysClkSource()	4	static
../Drivers/STM32F1xx_HAL_Driver/Inc/stm32f1xx_ll_rcc.h:1045:22:void LL_RCC_SetAHBPrescaler(uint32_t)	16	static
../Drivers/STM32F1xx_HAL_Driver/Inc/stm32f1xx_ll_rcc.h:1061:22:void LL_RCC_SetAPB1Prescaler(uint32_t)	16	static
../Drivers/STM32F1xx_HAL_Driver/Inc/stm32f1xx_ll_rcc.h:1077:22:void LL_RCC_SetAPB2Prescaler(uint32_t)	16	static
../Drivers/STM32F1xx_HAL_Driver/Inc/stm32f1xx_ll_rcc.h:1385:22:void LL_RCC_PLL_Enable()	4	static
../Drivers/STM32F1xx_HAL_Driver/Inc/stm32f1xx_ll_rcc.h:1406:26:uint32_t LL_RCC_PLL_IsReady()	4	static
../Drivers/STM32F1xx_HAL_Driver/Inc/stm32f1xx_ll_rcc.h:1475:22:void LL_RCC_PLL_ConfigDomain_SYS(uint32_t, uint32_t)	16	static
../Drivers/STM32F1xx_HAL_Driver/Inc/stm32f1xx_ll_bus.h:445:22:void LL_APB1_GRP1_EnableClock(uint32_t)	24	static
../Drivers/STM32F1xx_HAL_Driver/Inc/stm32f1xx_ll_bus.h:761:22:void LL_APB2_GRP1_EnableClock(uint32_t)	24	static
../Drivers/STM32F1xx_HAL_Driver/Inc/stm32f1xx_ll_system.h:471:22:void LL_FLASH_SetLatency(uint32_t)	16	static
../Drivers/STM32F1xx_HAL_Driver/Inc/stm32f1xx_ll_system.h:484:26:uint32_t LL_FLASH_GetLatency()	4	static
../Drivers/STM32F1xx_HAL_Driver/Inc/stm32f1xx_ll_usart.h:2083:22:void LL_USART_EnableIT_RXNE(USART_TypeDef*)	40	static,ignoring_inline_asm
../Drivers/STM32F1xx_HAL_Driver/Inc/stm32f1xx_ll_usart.h:2144:22:void LL_USART_EnableIT_ERROR(USART_TypeDef*)	40	static,ignoring_inline_asm
../Drivers/STM32F1xx_HAL_Driver/Inc/stm32f1xx_ll_gpio.h:1562:22:void LL_GPIO_AF_Remap_SWJ_NOJTAG()	4	static
../Core/Inc/globals.h:13:7:Globals::Globals()	16	static
../Core/Src/main.cpp:70:5:int main()	8	static
../Core/Src/main.cpp:134:6:void SystemClock_Config()	8	static
../Core/Src/main.cpp:171:6:void IncrementSystemTick_Callback()	4	static,ignoring_inline_asm
../Core/Src/main.cpp:182:6:void Error_Handler()	4	static,ignoring_inline_asm
../Core/Inc/globals.h:13:7:Globals::~Globals()	16	static
../Core/Src/main.cpp:191:1:void __static_initialization_and_destruction_0(int, int)	16	static
../Core/Src/main.cpp:191:1:cpp)	8	static
../Core/Src/main.cpp:191:1:cpp)	8	static
